// Jest Snapshot v1, https://goo.gl/fbAQLP

exports[`render correctly 1`] = `
<DocumentFragment>
  <div
    class="jumbotron"
  >
    <div
      class="container text-center"
    >
      <p>
        Displaying search results...
      </p>
      <p>
        Note: Alternate titles might have matched your search terms
      </p>
    </div>
  </div>
  <div
    class="i-am-centered"
  >
    <div
      class="list-group"
    >
      <div>
        Loading...
      </div>
    </div>
  </div>
</DocumentFragment>
`;
