// Jest Snapshot v1, https://goo.gl/fbAQLP

exports[`AskLibrarian component matches snapshot 1`] = `
<div
  class="ask-librarian"
>
  <h2>
    Need Help?
  </h2>
  <h3>
    Ask a Librarian
  </h3>
  <div>
    <p>
      Use 
      <a
        href="https://library.nyu.edu/ask/"
        rel="noreferrer"
        target="_blank"
      >
        Ask a Librarian
      </a>
       or the "Chat with Us" icon at the bottom right corner for any question you have about the Libraries' services.
    </p>
    <p>
      Visit our 
      <a
        href="https://guides.nyu.edu/online-tutorials/finding-sources"
        rel="noreferrer"
        target="_blank"
      >
        online tutorials
      </a>
       for tips on searching the catalog and getting library resources.
    </p>
    <h3>
      Additional Resources
    </h3>
    <ul>
      <li>
        Use 
        <a
          href="https://ezborrow.reshare.indexdata.com/"
          rel="noreferrer"
          target="_blank"
        >
          EZBorrow
        </a>
         or 
        <a
          href="https://library.nyu.edu/services/borrowing/from-non-nyu-libraries/interlibrary-loan/"
          rel="noreferrer"
          target="_blank"
        >
          InterLibrary Loan (ILL)
        </a>
         for materials unavailable at NYU
      </li>
      <li>
        Discover subject specific resources using 
        <a
          href="http://guides.nyu.edu"
          rel="noreferrer"
          target="_blank"
        >
          expert curated research guides
        </a>
      </li>
      <li>
        Explore the 
        <a
          href="https://library.nyu.edu/services/"
          rel="noreferrer"
          target="_blank"
        >
          complete list of library services
        </a>
      </li>
      <li>
        Search 
        <a
          href="https://www.worldcat.org/search?qt=worldcat_org_all"
          rel="noreferrer"
          target="_blank"
        >
          WorldCat
        </a>
         for items in nearby libraries
      </li>
      <li>
        <a
          href="https://nyu.qualtrics.com/jfe/form/SV_a30SvEFe8f1yXQh"
          rel="noreferrer"
          target="_blank"
        >
          Problem with an e-resource? Fill out this form
        </a>
      </li>
      <li>
        <a
          href="https://nyu.qualtrics.com/jfe/form/SV_blQ3OFOew9vl6Pb?Source=NYU"
          rel="noreferrer"
          target="_blank"
        >
          Submit feedback about GetIt
        </a>
      </li>
    </ul>
  </div>
</div>
`;
